// Jest Snapshot v1, https://goo.gl/fbAQLP

exports[`reducers counter should handle initial state 1`] = `
Object {
  "fields": Array [],
}
`;

exports[`reducers counter should handle unknown action type 1`] = `
Object {
  "fields": Array [],
}
`;
